// Vitest Snapshot v1, https://vitest.dev/guide/snapshot.html

exports[`карты «вид → таблица» не заводятся заново > новых копий не появилось 1`] = `
[
  "db/db.ts:73  campaign: "campaigns",",
  "db/db.ts:74  setting: "settings",",
  "db/db.ts:75  player: "players",",
  "db/db.ts:76  character: "characters",",
  "db/db.ts:77  location: "setting_locations",",
  "db/db.ts:78  being: "setting_beings",",
  "db/db.ts:79  community: "setting_communities",",
  "db/db.ts:80  artifact: "artifacts",",
  "db/db.ts:81  resource: "resources",",
  "db/db.ts:82  mastering: "mastering_notes",",
  "db/db.ts:83  adventure: "story_arcs",",
  "db/db.ts:84  scene: "story_scenes",",
  "db/db.ts:85  session: "sessions",",
  "db/db.ts:86  compendium_entry: "compendium_entries",",
  "db/db.ts:87  setting_event: "setting_calendar_events",",
  "import/apply.ts:102  setting: "settings",",
  "import/apply.ts:103  location: "setting_locations",",
  "import/apply.ts:104  being: "setting_beings",",
  "import/apply.ts:105  community: "setting_communities",",
  "import/apply.ts:106  artifact: "artifacts",",
  "import/apply.ts:107  adventure: "story_arcs",",
  "import/apply.ts:108  scene: "story_scenes",",
  "import/apply.ts:124  compendium_entry: "compendium_entries",",
  "import/apply.ts:129  location: "setting_locations",",
  "import/apply.ts:130  being: "setting_beings",",
  "import/apply.ts:131  community: "setting_communities",",
  "import/apply.ts:132  artifact: "artifacts",",
  "import/apply.ts:1492  location: { table: "setting_locations", column: "name" },",
  "import/apply.ts:1493  being: { table: "setting_beings", column: "name" },",
  "import/apply.ts:1494  community: { table: "setting_communities", column: "name" },",
  "import/apply.ts:1495  artifact: { table: "artifacts", column: "name" },",
  "import/apply.ts:1496  adventure: { table: "story_arcs", column: "name" },",
  "import/apply.ts:1497  scene: { table: "story_scenes", column: "name" },",
  "routes/canvas.ts:197  location: { table: "setting_locations", nameCol: "name", thumbCol: "thumbnail_image_path",",
  "routes/canvas.ts:198  artifact: { table: "artifacts", nameCol: "name", thumbCol: "avatar_image_path" },",
  "routes/canvas.ts:199  community: { table: "setting_communities", nameCol: "name", thumbCol: "thumbnail_image_pat",
  "routes/canvas.ts:200  compendium_entry: { table: "compendium_entries", nameCol: "name", kindCol: "kind" },",
  "routes/canvas.ts:212  setting_event: { table: "setting_calendar_events", nameCol: "title" },",
  "routes/canvas.ts:2168  const BOARD_OWNERS: Record<string, string> = { setting: "settings", campaign: "campaigns" ",
  "routes/canvas.ts:399  scene: "story_scenes",",
  "routes/canvas.ts:400  being: "setting_beings",",
  "routes/canvas.ts:401  location: "setting_locations",",
  "routes/canvas.ts:402  community: "setting_communities",",
  "routes/canvas.ts:403  artifact: "artifacts",",
  "routes/canvas.ts:404  campaign: "campaigns",",
  "routes/entityRelations.ts:11  being: { table: "setting_beings", nameCol: "name" },",
  "routes/entityRelations.ts:12  character: { table: "characters", nameCol: "character_name" },",
  "routes/entityRelations.ts:13  community: { table: "setting_communities", nameCol: "name" },",
  "routes/entityRelations.ts:14  compendium_entry: { table: "compendium_entries", nameCol: "name" },",
  "routes/entityRelations.ts:15  location: { table: "setting_locations", nameCol: "name" },",
  "routes/entityRelations.ts:16  artifact: { table: "artifacts", nameCol: "name" },",
  "routes/entityRelations.ts:17  setting: { table: "settings", nameCol: "name" },",
  "routes/entityRelations.ts:18  campaign: { table: "campaigns", nameCol: "name" },",
  "routes/entityRelations.ts:22  setting_event: { table: "setting_calendar_events", nameCol: "title" },",
  "routes/entityRelations.ts:23  resource: { table: "resources", nameCol: "name" },",
  "routes/entityRelations.ts:24  mastering: { table: "mastering_notes", nameCol: "title" },",
  "routes/entityRelations.ts:25  scene: { table: "story_scenes", nameCol: "name" },",
  "routes/entityRelations.ts:26  adventure: { table: "story_arcs", nameCol: "name" },",
  "routes/entityRelations.ts:27  player: { table: "players", nameCol: "name" },",
  "routes/gallery.ts:43  character: "characters",",
  "routes/gallery.ts:44  being: "setting_beings",",
  "routes/gallery.ts:45  location: "setting_locations",",
  "routes/gallery.ts:46  community: "setting_communities",",
  "routes/gallery.ts:48  artifact: "artifacts",",
  "routes/links.ts:23  campaign: { table: "campaigns", nameCol: "name" },",
  "routes/links.ts:24  setting: { table: "settings", nameCol: "name" },",
  "routes/links.ts:25  player: { table: "players", nameCol: "name" },",
  "routes/links.ts:26  character: { table: "characters", nameCol: "character_name" },",
  "routes/links.ts:27  location: { table: "setting_locations", nameCol: "name" },",
  "routes/links.ts:28  being: { table: "setting_beings", nameCol: "name" },",
  "routes/links.ts:29  artifact: { table: "artifacts", nameCol: "name" },",
  "routes/links.ts:30  community: { table: "setting_communities", nameCol: "name" },",
  "routes/links.ts:31  resource: { table: "resources", nameCol: "name" },",
  "routes/links.ts:32  mastering: { table: "mastering_notes", nameCol: "title" },",
  "routes/links.ts:33  scene: { table: "story_scenes", nameCol: "name" },",
  "routes/links.ts:34  adventure: { table: "story_arcs", nameCol: "name" },",
  "routes/links.ts:38  compendium_entry: { table: "compendium_entries", nameCol: "name", archivable: false },",
  "routes/settingLocations.ts:1042  being: { table: "setting_beings", nameCol: "name" },",
  "routes/settingLocations.ts:1043  character: { table: "characters", nameCol: "character_name" },",
  "routes/settingLocations.ts:1044  location: { table: "setting_locations", nameCol: "name" },",
  "routes/settingLocations.ts:1045  artifact: { table: "artifacts", nameCol: "name" },",
  "routes/settingLocations.ts:1046  compendium_entry: { table: "compendium_entries", nameCol: "title" },",
  "routes/story.ts:550  location: { table: "setting_locations", nameCol: "name" },",
  "routes/story.ts:551  being: { table: "setting_beings", nameCol: "name" },",
  "routes/story.ts:552  community: { table: "setting_communities", nameCol: "name" },",
  "routes/story.ts:553  character: { table: "characters", nameCol: "character_name" },",
  "routes/story.ts:554  artifact: { table: "artifacts", nameCol: "name" },",
  "routes/story.ts:555  resource: { table: "resources", nameCol: "name" },",
  "routes/story.ts:556  compendium_entry: { table: "compendium_entries", nameCol: "name" },",
  "services/mentions.ts:46  campaign: "campaigns",",
  "services/mentions.ts:47  setting: "settings",",
  "services/mentions.ts:48  player: "players",",
  "services/mentions.ts:49  character: "characters",",
  "services/mentions.ts:50  location: "setting_locations",",
  "services/mentions.ts:51  being: "setting_beings",",
  "services/mentions.ts:52  community: "setting_communities",",
  "services/mentions.ts:53  artifact: "artifacts",",
  "services/mentions.ts:54  resource: "resources",",
  "services/mentions.ts:55  mastering: "mastering_notes",",
  "services/mentions.ts:56  adventure: "story_arcs",",
  "services/mentions.ts:57  scene: "story_scenes",",
  "services/mentions.ts:58  session: "sessions",",
  "services/mentions.ts:59  compendium_entry: "compendium_entries",",
  "services/mentions.ts:60  setting_event: "setting_calendar_events",",
  "story/cast.ts:84  being: { table: "setting_beings", nameCol: "name" },",
  "story/cast.ts:85  location: { table: "setting_locations", nameCol: "name" },",
  "story/cast.ts:86  artifact: { table: "artifacts", nameCol: "name" },",
  "story/cast.ts:87  community: { table: "setting_communities", nameCol: "name" },",
  "story/cast.ts:88  compendium_entry: { table: "compendium_entries", nameCol: "name" },",
  "story/cast.ts:92  setting_event: { table: "setting_calendar_events", nameCol: "title" },",
  "story/foreignLinks.ts:31  being: { table: "setting_beings", label: "Личность" },",
  "story/foreignLinks.ts:32  community: { table: "setting_communities", label: "Сообщество" },",
  "story/foreignLinks.ts:33  location: { table: "setting_locations", label: "Локация" },",
  "story/foreignLinks.ts:34  artifact: { table: "artifacts", label: "Предмет" },",
]
`;
